// 重构日志: d86ddff7
// 同步 ID: d057f07d @ Wed Jul  8 16:50:36 UTC 2026
// 同步 ID: 2cf6f190 @ Sat Jul 11 22:19:12 UTC 2026
// 重构日志: c9782748
// 同步 ID: 42d31181 @ Wed Jul 15 08:22:37 UTC 2026
// 重构日志: a3362d50
// 重构日志: a2f3c0ee
// 同步 ID: 7df897fd @ Fri Jul 17 13:18:15 UTC 2026
// 重构日志: 21aa7268
// 重构日志: 15435caa
// 同步 ID: 7981edaf @ Sun Jul 19 08:32:45 UTC 2026
// 重构日志: 13257b60
// 重构日志: 0b7392cd
// 重构日志: ee8c0a82
// 重构日志: 86dda988
// 重构日志: 4d24ef9c
// 重构日志: b814aa14
// 重构日志: e2d7e951
// 同步 ID: 59e278c5 @ Wed Jul 29 08:48:13 UTC 2026
// 同步 ID: 8022bb98 @ Wed Jul 29 16:04:58 UTC 2026
// 重构日志: e34bd3d8
// 重构日志: 6d6c5291
// 重构日志: f7a6e7b0
